src/App.tsx(445,15): error TS2322: Type '{ setSidebarOpen: Dispatch<SetStateAction<boolean>>; logo: string; user: any; onCartClick: () => void | Promise<void>; }' is not assignable to type 'IntrinsicAttributes & HeaderProps'.
  Property 'onCartClick' does not exist on type 'IntrinsicAttributes & HeaderProps'.
src/components/admin/Organization.tsx(366,9): error TS2353: Object literal may only specify known properties, and 'title' does not exist in type 'FormData'.
src/components/admin/PlatformAnalytics.tsx(73,28): error TS2345: Argument of type '{ overview: { totalUsers: number; activeUsers: number; totalCourses: number; completionRate: number; revenue: number; roi: number; }; usage: { period: string; users: number; courses: number; engagement: number; }[]; predictive: { ...; }[]; roi: { ...; }[]; }' is not assignable to parameter of type 'SetStateAction<null>'.
  Type '{ overview: { totalUsers: number; activeUsers: number; totalCourses: number; completionRate: number; revenue: number; roi: number; }; usage: { period: string; users: number; courses: number; engagement: number; }[]; predictive: { ...; }[]; roi: { ...; }[]; }' provides no match for the signature '(prevState: null): null'.
src/components/admin/PlatformAnalytics.tsx(80,13): error TS2698: Spread types may only be created from object types.
src/components/admin/PlatformAnalytics.tsx(88,13): error TS2698: Spread types may only be created from object types.
src/components/admin/PlatformAnalytics.tsx(96,13): error TS2698: Spread types may only be created from object types.
src/components/admin/PlatformAnalytics.tsx(104,26): error TS2345: Argument of type '{ overview: { totalUsers: number; activeUsers: number; totalCourses: number; completionRate: number; revenue: number; roi: number; }; usage: { period: string; users: number; courses: number; engagement: number; }[]; predictive: { ...; }[]; roi: { ...; }[]; }' is not assignable to parameter of type 'SetStateAction<null>'.
  Type '{ overview: { totalUsers: number; activeUsers: number; totalCourses: number; completionRate: number; revenue: number; roi: number; }; usage: { period: string; users: number; courses: number; engagement: number; }[]; predictive: { ...; }[]; roi: { ...; }[]; }' provides no match for the signature '(prevState: null): null'.
src/components/admin/PlatformAnalytics.tsx(192,91): error TS2554: Expected 1 arguments, but got 2.
src/components/admin/SystemAdministration.tsx(76,37): error TS2353: Object literal may only specify known properties, and 'filter' does not exist in type '{ userId?: string | undefined; action?: string | undefined; resource?: string | undefined; dateFrom?: string | undefined; dateTo?: string | undefined; page?: number | undefined; limit?: number | undefined; sortBy?: string | undefined; sortOrder?: "desc" | ... 1 more ... | undefined; }'.
src/components/admin/SystemAdministration.tsx(77,22): error TS2339: Property 'getBackups' does not exist on type 'SystemApiService'.
src/components/admin/SystemAdministration.tsx(86,28): error TS2345: Argument of type '{ server: { uptime: string; cpu: number; memory: number; disk: number; network: number; }; database: { connections: number; queryTime: string; size: string; status: string; }; performance: { responseTime: string; throughput: string; errorRate: string; activeUsers: number; }; }' is not assignable to parameter of type 'SetStateAction<null>'.
  Type '{ server: { uptime: string; cpu: number; memory: number; disk: number; network: number; }; database: { connections: number; queryTime: string; size: string; status: string; }; performance: { responseTime: string; throughput: string; errorRate: string; activeUsers: number; }; }' provides no match for the signature '(prevState: null): null'.
src/components/admin/SystemAdministration.tsx(91,24): error TS2345: Argument of type 'any[]' is not assignable to parameter of type 'SetStateAction<never[]>'.
  Type 'any[]' is not assignable to type 'never[]'.
    Type 'any' is not assignable to type 'never'.
src/components/admin/SystemAdministration.tsx(93,24): error TS2345: Argument of type '{ id: number; timestamp: string; user: string; action: string; resource: string; ip: string; status: string; }[]' is not assignable to parameter of type 'SetStateAction<never[]>'.
  Type '{ id: number; timestamp: string; user: string; action: string; resource: string; ip: string; status: string; }[]' is not assignable to type 'never[]'.
    Type '{ id: number; timestamp: string; user: string; action: string; resource: string; ip: string; status: string; }' is not assignable to type 'never'.
src/components/admin/SystemAdministration.tsx(98,22): error TS2345: Argument of type 'any[]' is not assignable to parameter of type 'SetStateAction<never[]>'.
  Type 'any[]' is not assignable to type 'never[]'.
    Type 'any' is not assignable to type 'never'.
src/components/admin/SystemAdministration.tsx(100,22): error TS2345: Argument of type '{ id: number; type: string; date: string; size: string; status: string; duration: string; }[]' is not assignable to parameter of type 'SetStateAction<never[]>'.
  Type '{ id: number; type: string; date: string; size: string; status: string; duration: string; }[]' is not assignable to type 'never[]'.
    Type '{ id: number; type: string; date: string; size: string; status: string; duration: string; }' is not assignable to type 'never'.
src/components/admin/SystemAdministration.tsx(105,32): error TS2345: Argument of type 'any[]' is not assignable to parameter of type 'SetStateAction<never[]>'.
  Type 'any[]' is not assignable to type 'never[]'.
    Type 'any' is not assignable to type 'never'.
src/components/admin/SystemAdministration.tsx(114,26): error TS2345: Argument of type '{ server: { uptime: string; cpu: number; memory: number; disk: number; network: number; }; database: { connections: number; queryTime: string; size: string; status: string; }; performance: { responseTime: string; throughput: string; errorRate: string; activeUsers: number; }; }' is not assignable to parameter of type 'SetStateAction<null>'.
  Type '{ server: { uptime: string; cpu: number; memory: number; disk: number; network: number; }; database: { connections: number; queryTime: string; size: string; status: string; }; performance: { responseTime: string; throughput: string; errorRate: string; activeUsers: number; }; }' provides no match for the signature '(prevState: null): null'.
src/components/admin/SystemAdministration.tsx(115,22): error TS2345: Argument of type '{ id: number; timestamp: string; user: string; action: string; resource: string; ip: string; status: string; }[]' is not assignable to parameter of type 'SetStateAction<never[]>'.
  Type '{ id: number; timestamp: string; user: string; action: string; resource: string; ip: string; status: string; }[]' is not assignable to type 'never[]'.
    Type '{ id: number; timestamp: string; user: string; action: string; resource: string; ip: string; status: string; }' is not assignable to type 'never'.
src/components/admin/SystemAdministration.tsx(116,20): error TS2345: Argument of type '{ id: number; type: string; date: string; size: string; status: string; duration: string; }[]' is not assignable to parameter of type 'SetStateAction<never[]>'.
  Type '{ id: number; type: string; date: string; size: string; status: string; duration: string; }[]' is not assignable to type 'never[]'.
    Type '{ id: number; type: string; date: string; size: string; status: string; duration: string; }' is not assignable to type 'never'.
src/components/admin/SystemAdministration.tsx(138,41): error TS2339: Property 'createBackup' does not exist on type 'SystemApiService'.
src/components/admin/SystemAdministration.tsx(142,50): error TS2339: Property 'getBackups' does not exist on type 'SystemApiService'.
src/components/admin/SystemAdministration.tsx(144,22): error TS2345: Argument of type 'any[]' is not assignable to parameter of type 'SetStateAction<never[]>'.
  Type 'any[]' is not assignable to type 'never[]'.
    Type 'any' is not assignable to type 'never'.
src/components/admin/SystemAdministration.tsx(157,41): error TS2339: Property 'restoreBackup' does not exist on type 'SystemApiService'.
src/components/admin/SystemAdministration.tsx(161,50): error TS2339: Property 'getBackups' does not exist on type 'SystemApiService'.
src/components/admin/SystemAdministration.tsx(163,22): error TS2345: Argument of type 'any[]' is not assignable to parameter of type 'SetStateAction<never[]>'.
  Type 'any[]' is not assignable to type 'never[]'.
    Type 'any' is not assignable to type 'never'.
src/components/admin/SystemAdministration.tsx(174,27): error TS7006: Parameter 'status' implicitly has an 'any' type.
src/components/admin/SystemAdministration.tsx(184,26): error TS7006: Parameter 'action' implicitly has an 'any' type.
src/components/admin/SystemAdministration.tsx(264,67): error TS2339: Property 'server' does not exist on type 'never'.
src/components/admin/SystemAdministration.tsx(282,68): error TS2339: Property 'performance' does not exist on type 'never'.
src/components/admin/SystemAdministration.tsx(300,67): error TS2339: Property 'performance' does not exist on type 'never'.
src/components/admin/SystemAdministration.tsx(318,67): error TS2339: Property 'performance' does not exist on type 'never'.
src/components/admin/SystemAdministration.tsx(360,63): error TS2339: Property 'server' does not exist on type 'never'.
src/components/admin/SystemAdministration.tsx(362,51): error TS2339: Property 'server' does not exist on type 'never'.
src/components/admin/SystemAdministration.tsx(371,63): error TS2339: Property 'server' does not exist on type 'never'.
src/components/admin/SystemAdministration.tsx(373,51): error TS2339: Property 'server' does not exist on type 'never'.
src/components/admin/SystemAdministration.tsx(382,63): error TS2339: Property 'server' does not exist on type 'never'.
src/components/admin/SystemAdministration.tsx(384,51): error TS2339: Property 'server' does not exist on type 'never'.
src/components/admin/SystemAdministration.tsx(393,63): error TS2339: Property 'server' does not exist on type 'never'.
src/components/admin/SystemAdministration.tsx(395,51): error TS2339: Property 'server' does not exist on type 'never'.
src/components/admin/SystemAdministration.tsx(415,85): error TS2339: Property 'database' does not exist on type 'never'.
src/components/admin/SystemAdministration.tsx(419,86): error TS2339: Property 'database' does not exist on type 'never'.
src/components/admin/SystemAdministration.tsx(426,63): error TS2339: Property 'database' does not exist on type 'never'.
src/components/admin/SystemAdministration.tsx(430,69): error TS2339: Property 'database' does not exist on type 'never'.
src/components/admin/SystemAdministration.tsx(431,39): error TS2339: Property 'database' does not exist on type 'never'.
src/components/admin/SystemAdministration.tsx(584,85): error TS2345: Argument of type '{ id: number; timestamp: string; user: string; action: string; resource: string; ip: string; status: string; }' is not assignable to parameter of type 'SetStateAction<null>'.
  Type '{ id: number; timestamp: string; user: string; action: string; resource: string; ip: string; status: string; }' provides no match for the signature '(prevState: null): null'.
src/components/admin/SystemAdministration.tsx(771,92): error TS2345: Argument of type 'number' is not assignable to parameter of type 'string'.
src/components/admin/UserAccessManagement.tsx(104,20): error TS2345: Argument of type 'any[]' is not assignable to parameter of type 'SetStateAction<never[]>'.
  Type 'any[]' is not assignable to type 'never[]'.
    Type 'any' is not assignable to type 'never'.
src/components/admin/UserAccessManagement.tsx(111,20): error TS2345: Argument of type '{ id: number; name: string; email: string; role: string; status: string; lastActive: string; permissions: string[]; ssoEnabled: boolean; avatar: null; }[]' is not assignable to parameter of type 'SetStateAction<never[]>'.
  Type '{ id: number; name: string; email: string; role: string; status: string; lastActive: string; permissions: string[]; ssoEnabled: boolean; avatar: null; }[]' is not assignable to type 'never[]'.
    Type '{ id: number; name: string; email: string; role: string; status: string; lastActive: string; permissions: string[]; ssoEnabled: boolean; avatar: null; }' is not assignable to type 'never'.
src/components/admin/UserAccessManagement.tsx(121,18): error TS2345: Argument of type '{ id: number; name: string; email: string; role: string; status: string; lastActive: string; permissions: string[]; ssoEnabled: boolean; avatar: null; }[]' is not assignable to parameter of type 'SetStateAction<never[]>'.
  Type '{ id: number; name: string; email: string; role: string; status: string; lastActive: string; permissions: string[]; ssoEnabled: boolean; avatar: null; }[]' is not assignable to type 'never[]'.
    Type '{ id: number; name: string; email: string; role: string; status: string; lastActive: string; permissions: string[]; ssoEnabled: boolean; avatar: null; }' is not assignable to type 'never'.
src/components/admin/UserAccessManagement.tsx(180,32): error TS2339: Property 'name' does not exist on type 'never'.
src/components/admin/UserAccessManagement.tsx(181,31): error TS2339: Property 'email' does not exist on type 'never'.
src/components/admin/UserAccessManagement.tsx(182,54): error TS2339: Property 'role' does not exist on type 'never'.
src/components/admin/UserAccessManagement.tsx(183,58): error TS2339: Property 'status' does not exist on type 'never'.
src/components/admin/UserAccessManagement.tsx(187,29): error TS7006: Parameter 'userId' implicitly has an 'any' type.
src/components/admin/UserAccessManagement.tsx(188,22): error TS2345: Argument of type '(prev: never[]) => any[]' is not assignable to parameter of type 'SetStateAction<never[]>'.
  Type '(prev: never[]) => any[]' is not assignable to type '(prevState: never[]) => never[]'.
    Type 'any[]' is not assignable to type 'never[]'.
      Type 'any' is not assignable to type 'never'.
src/components/admin/UserAccessManagement.tsx(189,21): error TS2345: Argument of type 'any' is not assignable to parameter of type 'never'.
src/components/admin/UserAccessManagement.tsx(197,7): error TS2345: Argument of type 'any[]' is not assignable to parameter of type 'SetStateAction<never[]>'.
  Type 'any[]' is not assignable to type 'never[]'.
    Type 'any' is not assignable to type 'never'.
src/components/admin/UserAccessManagement.tsx(199,42): error TS2339: Property 'id' does not exist on type 'never'.
src/components/admin/UserAccessManagement.tsx(207,55): error TS2345: Argument of type 'string' is not assignable to parameter of type '"delete" | "activate" | "deactivate" | "changeRole"'.
src/components/admin/UserAccessManagement.tsx(213,20): error TS2345: Argument of type 'any[]' is not assignable to parameter of type 'SetStateAction<never[]>'.
  Type 'any[]' is not assignable to type 'never[]'.
    Type 'any' is not assignable to type 'never'.
src/components/admin/UserAccessManagement.tsx(227,35): error TS7006: Parameter 'userData' implicitly has an 'any' type.
src/components/admin/UserAccessManagement.tsx(236,20): error TS2345: Argument of type 'any[]' is not assignable to parameter of type 'SetStateAction<never[]>'.
  Type 'any[]' is not assignable to type 'never[]'.
    Type 'any' is not assignable to type 'never'.
src/components/admin/UserAccessManagement.tsx(247,35): error TS7006: Parameter 'userId' implicitly has an 'any' type.
src/components/admin/UserAccessManagement.tsx(247,43): error TS7006: Parameter 'userData' implicitly has an 'any' type.
src/components/admin/UserAccessManagement.tsx(256,20): error TS2345: Argument of type 'any[]' is not assignable to parameter of type 'SetStateAction<never[]>'.
  Type 'any[]' is not assignable to type 'never[]'.
    Type 'any' is not assignable to type 'never'.
src/components/admin/UserAccessManagement.tsx(267,35): error TS7006: Parameter 'userId' implicitly has an 'any' type.
src/components/admin/UserAccessManagement.tsx(270,11): error TS1345: An expression of type 'void' cannot be tested for truthiness.
src/components/admin/UserAccessManagement.tsx(275,20): error TS2345: Argument of type 'any[]' is not assignable to parameter of type 'SetStateAction<never[]>'.
  Type 'any[]' is not assignable to type 'never[]'.
    Type 'any' is not assignable to type 'never'.
src/components/admin/UserAccessManagement.tsx(291,24): error TS2345: Argument of type 'any[]' is not assignable to parameter of type 'SetStateAction<never[]>'.
  Type 'any[]' is not assignable to type 'never[]'.
    Type 'any' is not assignable to type 'never'.
src/components/admin/UserAccessManagement.tsx(374,45): error TS2551: Property 'revokeInvitation' does not exist on type 'InvitationApiService'. Did you mean 'createInvitation'?
src/components/admin/UserAccessManagement.tsx(407,39): error TS7006: Parameter 'userId' implicitly has an 'any' type.
src/components/admin/UserAccessManagement.tsx(407,47): error TS7006: Parameter 'role' implicitly has an 'any' type.
src/components/admin/UserAccessManagement.tsx(415,20): error TS2345: Argument of type 'any[]' is not assignable to parameter of type 'SetStateAction<never[]>'.
  Type 'any[]' is not assignable to type 'never[]'.
    Type 'any' is not assignable to type 'never'.
src/components/admin/UserAccessManagement.tsx(426,46): error TS7006: Parameter 'userId' implicitly has an 'any' type.
src/components/admin/UserAccessManagement.tsx(426,54): error TS7006: Parameter 'permissions' implicitly has an 'any' type.
src/components/admin/UserAccessManagement.tsx(434,20): error TS2345: Argument of type 'any[]' is not assignable to parameter of type 'SetStateAction<never[]>'.
  Type 'any[]' is not assignable to type 'never[]'.
    Type 'any' is not assignable to type 'never'.
src/components/admin/UserAccessManagement.tsx(476,27): error TS7006: Parameter 'status' implicitly has an 'any' type.
src/components/admin/UserAccessManagement.tsx(739,34): error TS2339: Property 'id' does not exist on type 'never'.
src/components/admin/UserAccessManagement.tsx(742,57): error TS2345: Argument of type 'any' is not assignable to parameter of type 'never'.
src/components/admin/UserAccessManagement.tsx(742,62): error TS2339: Property 'id' does not exist on type 'never'.
src/components/admin/UserAccessManagement.tsx(743,70): error TS2339: Property 'id' does not exist on type 'never'.
src/components/admin/UserAccessManagement.tsx(746,48): error TS2339: Property 'avatar' does not exist on type 'never'.
src/components/admin/UserAccessManagement.tsx(747,47): error TS2339: Property 'name' does not exist on type 'never'.
src/components/admin/UserAccessManagement.tsx(747,67): error TS7006: Parameter 'n' implicitly has an 'any' type.
src/components/admin/UserAccessManagement.tsx(750,59): error TS2339: Property 'name' does not exist on type 'never'.
src/components/admin/UserAccessManagement.tsx(751,68): error TS2339: Property 'email' does not exist on type 'never'.
src/components/admin/UserAccessManagement.tsx(756,59): error TS2339: Property 'role' does not exist on type 'never'.
src/components/admin/UserAccessManagement.tsx(757,31): error TS2339: Property 'role' does not exist on type 'never'.
src/components/admin/UserAccessManagement.tsx(759,61): error TS2339: Property 'status' does not exist on type 'never'.
src/components/admin/UserAccessManagement.tsx(760,31): error TS2339: Property 'status' does not exist on type 'never'.
src/components/admin/UserAccessManagement.tsx(762,29): error TS2339: Property 'ssoEnabled' does not exist on type 'never'.
src/components/admin/UserAccessManagement.tsx(769,31): error TS2339: Property 'lastActive' does not exist on type 'never'.
src/components/admin/UserAccessManagement.tsx(780,59): error TS2339: Property 'name' does not exist on type 'never'.
src/components/admin/UserAccessManagement.tsx(789,59): error TS2339: Property 'name' does not exist on type 'never'.
src/components/admin/UserAccessManagement.tsx(793,59): error TS2339: Property 'email' does not exist on type 'never'.
src/components/admin/UserAccessManagement.tsx(797,60): error TS2339: Property 'role' does not exist on type 'never'.
src/components/admin/UserAccessManagement.tsx(810,60): error TS2339: Property 'status' does not exist on type 'never'.
src/components/admin/UserAccessManagement.tsx(822,62): error TS2339: Property 'ssoEnabled' does not exist on type 'never'.
src/components/admin/UserAccessManagement.tsx(834,55): error TS7053: Element implicitly has an 'any' type because expression of type 'any' can't be used to index type '{ admin: string[]; instructor: string[]; student: string[]; }'.
src/components/admin/UserAccessManagement.tsx(834,76): error TS2339: Property 'role' does not exist on type 'never'.
src/components/admin/UserAccessManagement.tsx(865,69): error TS2339: Property 'name' does not exist on type 'never'.
src/components/admin/UserAccessManagement.tsx(892,73): error TS2339: Property 'total' does not exist on type 'never'.
src/components/admin/UserAccessManagement.tsx(903,73): error TS2339: Property 'totalAcceptedUsers' does not exist on type 'never'.
src/components/admin/UserAccessManagement.tsx(914,73): error TS2339: Property 'byStatus' does not exist on type 'never'.
src/components/admin/UserAccessManagement.tsx(925,73): error TS2339: Property 'byRole' does not exist on type 'never'.
src/components/admin/UserAccessManagement.tsx(1064,50): error TS2339: Property 'invitationUrl' does not exist on type 'never'.
src/components/admin/UserAccessManagement.tsx(1070,74): error TS2339: Property 'invitationUrl' does not exist on type 'never'.
src/components/admin/UserAccessManagement.tsx(1080,85): error TS2339: Property 'role' does not exist on type 'never'.
src/components/admin/UserAccessManagement.tsx(1083,89): error TS2339: Property 'maxUses' does not exist on type 'never'.
src/components/admin/UserAccessManagement.tsx(1086,97): error TS2339: Property 'expiresAt' does not exist on type 'never'.
src/components/admin/UserAccessManagement.tsx(1089,112): error TS2339: Property 'status' does not exist on type 'never'.
src/components/admin/UserAccessManagement.tsx(1119,42): error TS2339: Property 'id' does not exist on type 'never'.
src/components/admin/UserAccessManagement.tsx(1122,87): error TS2339: Property 'role' does not exist on type 'never'.
src/components/admin/UserAccessManagement.tsx(1123,41): error TS2339: Property 'role' does not exist on type 'never'.
src/components/admin/UserAccessManagement.tsx(1125,54): error TS2339: Property 'status' does not exist on type 'never'.
src/components/admin/UserAccessManagement.tsx(1126,41): error TS2339: Property 'status' does not exist on type 'never'.
src/components/admin/UserAccessManagement.tsx(1133,78): error TS2339: Property 'id' does not exist on type 'never'.
src/components/admin/UserAccessManagement.tsx(1141,78): error TS2339: Property 'id' does not exist on type 'never'.
src/components/admin/UserAccessManagement.tsx(1150,94): error TS2339: Property 'createdAt' does not exist on type 'never'.
src/components/admin/UserAccessManagement.tsx(1153,94): error TS2339: Property 'expiresAt' does not exist on type 'never'.
src/components/admin/UserAccessManagement.tsx(1156,82): error TS2339: Property 'currentUses' does not exist on type 'never'.
src/components/admin/UserAccessManagement.tsx(1156,109): error TS2339: Property 'maxUses' does not exist on type 'never'.
src/components/admin/UserAccessManagement.tsx(1159,87): error TS2339: Property 'remainingUses' does not exist on type 'never'.
src/components/admin/UserAccessManagement.tsx(1229,45): error TS7053: Element implicitly has an 'any' type because expression of type 'string' can't be used to index type '{ admin: string[]; instructor: string[]; student: string[]; }'.
  No index signature with a parameter of type 'string' was found on type '{ admin: string[]; instructor: string[]; student: string[]; }'.
src/components/ai/AIEssayGrading.tsx(205,27): error TS7006: Parameter 'status' implicitly has an 'any' type.
src/components/ai/AIEssayGrading.tsx(214,26): error TS7006: Parameter 'score' implicitly has an 'any' type.
src/components/ai/AIEssayGrading.tsx(221,34): error TS7006: Parameter 'essay' implicitly has an 'any' type.
src/components/ai/AIEssayGrading.tsx(239,54): error TS18046: 'data' is of type 'unknown'.
src/components/ai/AIEssayGrading.tsx(240,22): error TS18046: 'data' is of type 'unknown'.
src/components/ai/AIEssayGrading.tsx(243,34): error TS18046: 'data' is of type 'unknown'.
src/components/ai/AIEssayGrading.tsx(244,55): error TS18046: 'data' is of type 'unknown'.
src/components/ai/AIEssayGrading.tsx(261,40): error TS7006: Parameter 'strength' implicitly has an 'any' type.
src/components/ai/AIEssayGrading.tsx(261,50): error TS7006: Parameter 'index' implicitly has an 'any' type.
src/components/ai/AIEssayGrading.tsx(280,43): error TS7006: Parameter 'improvement' implicitly has an 'any' type.
src/components/ai/AIEssayGrading.tsx(280,56): error TS7006: Parameter 'index' implicitly has an 'any' type.
src/components/ai/AIEssayGrading.tsx(301,40): error TS7006: Parameter 'suggestion' implicitly has an 'any' type.
src/components/ai/AIEssayGrading.tsx(301,52): error TS7006: Parameter 'index' implicitly has an 'any' type.
src/components/ai/AIRecommendationEngine.tsx(253,30): error TS2345: Argument of type '({ id: number; type: string; title: string; description: string; instructor: string; rating: number; students: number; duration: string; difficulty: string; category: string; matchScore: number; ... 19 more ...; attendees?: undefined; } | ... 4 more ... | { ...; })[]' is not assignable to parameter of type 'SetStateAction<never[]>'.
  Type '({ id: number; type: string; title: string; description: string; instructor: string; rating: number; students: number; duration: string; difficulty: string; category: string; matchScore: number; ... 19 more ...; attendees?: undefined; } | ... 4 more ... | { ...; })[]' is not assignable to type 'never[]'.
    Type '{ id: number; type: string; title: string; description: string; instructor: string; rating: number; students: number; duration: string; difficulty: string; category: string; matchScore: number; ... 19 more ...; attendees?: undefined; } | ... 4 more ... | { ...; }' is not assignable to type 'never'.
      Type '{ id: number; type: string; title: string; description: string; instructor: string; rating: number; students: number; duration: string; difficulty: string; category: string; matchScore: number; reasons: string[]; ... 18 more ...; attendees?: undefined; }' is not assignable to type 'never'.
src/components/ai/AIRecommendationEngine.tsx(267,27): error TS2345: Argument of type '{ id: number; title: string; type: string; status: string; estimatedTime: string; description: string; prerequisites: string[]; difficulty: string; }[]' is not assignable to parameter of type 'SetStateAction<never[]>'.
  Type '{ id: number; title: string; type: string; status: string; estimatedTime: string; description: string; prerequisites: string[]; difficulty: string; }[]' is not assignable to type 'never[]'.
    Type '{ id: number; title: string; type: string; status: string; estimatedTime: string; description: string; prerequisites: string[]; difficulty: string; }' is not assignable to type 'never'.
src/components/ai/AIRecommendationEngine.tsx(273,28): error TS2345: Argument of type '({ id: number; type: string; title: string; description: string; instructor: string; rating: number; students: number; duration: string; difficulty: string; category: string; matchScore: number; ... 19 more ...; attendees?: undefined; } | ... 4 more ... | { ...; })[]' is not assignable to parameter of type 'SetStateAction<never[]>'.
  Type '({ id: number; type: string; title: string; description: string; instructor: string; rating: number; students: number; duration: string; difficulty: string; category: string; matchScore: number; ... 19 more ...; attendees?: undefined; } | ... 4 more ... | { ...; })[]' is not assignable to type 'never[]'.
    Type '{ id: number; type: string; title: string; description: string; instructor: string; rating: number; students: number; duration: string; difficulty: string; category: string; matchScore: number; ... 19 more ...; attendees?: undefined; } | ... 4 more ... | { ...; }' is not assignable to type 'never'.
      Type '{ id: number; type: string; title: string; description: string; instructor: string; rating: number; students: number; duration: string; difficulty: string; category: string; matchScore: number; reasons: string[]; ... 18 more ...; attendees?: undefined; }' is not assignable to type 'never'.
src/components/ai/AIRecommendationEngine.tsx(274,25): error TS2345: Argument of type '{ id: number; title: string; type: string; status: string; estimatedTime: string; description: string; prerequisites: string[]; difficulty: string; }[]' is not assignable to parameter of type 'SetStateAction<never[]>'.
  Type '{ id: number; title: string; type: string; status: string; estimatedTime: string; description: string; prerequisites: string[]; difficulty: string; }[]' is not assignable to type 'never[]'.
    Type '{ id: number; title: string; type: string; status: string; estimatedTime: string; description: string; prerequisites: string[]; difficulty: string; }' is not assignable to type 'never'.
src/components/ai/AIRecommendationEngine.tsx(282,26): error TS2345: Argument of type '({ id: number; type: string; title: string; description: string; instructor: string; rating: number; students: number; duration: string; difficulty: string; category: string; matchScore: number; ... 19 more ...; attendees?: undefined; } | ... 4 more ... | { ...; })[]' is not assignable to parameter of type 'SetStateAction<never[]>'.
  Type '({ id: number; type: string; title: string; description: string; instructor: string; rating: number; students: number; duration: string; difficulty: string; category: string; matchScore: number; ... 19 more ...; attendees?: undefined; } | ... 4 more ... | { ...; })[]' is not assignable to type 'never[]'.
    Type '{ id: number; type: string; title: string; description: string; instructor: string; rating: number; students: number; duration: string; difficulty: string; category: string; matchScore: number; ... 19 more ...; attendees?: undefined; } | ... 4 more ... | { ...; }' is not assignable to type 'never'.
      Type '{ id: number; type: string; title: string; description: string; instructor: string; rating: number; students: number; duration: string; difficulty: string; category: string; matchScore: number; reasons: string[]; ... 18 more ...; attendees?: undefined; }' is not assignable to type 'never'.
src/components/ai/AIRecommendationEngine.tsx(283,23): error TS2345: Argument of type '{ id: number; title: string; type: string; status: string; estimatedTime: string; description: string; prerequisites: string[]; difficulty: string; }[]' is not assignable to parameter of type 'SetStateAction<never[]>'.
  Type '{ id: number; title: string; type: string; status: string; estimatedTime: string; description: string; prerequisites: string[]; difficulty: string; }[]' is not assignable to type 'never[]'.
    Type '{ id: number; title: string; type: string; status: string; estimatedTime: string; description: string; prerequisites: string[]; difficulty: string; }' is not assignable to type 'never'.
src/components/ai/AIRecommendationEngine.tsx(311,39): error TS7006: Parameter 'id' implicitly has an 'any' type.
src/components/ai/AIRecommendationEngine.tsx(311,43): error TS7006: Parameter 'action' implicitly has an 'any' type.
src/components/ai/AIRecommendationEngine.tsx(312,24): error TS2345: Argument of type '(prev: never[]) => any[]' is not assignable to parameter of type 'SetStateAction<never[]>'.
  Type '(prev: never[]) => any[]' is not assignable to type '(prevState: never[]) => never[]'.
    Type 'any[]' is not assignable to type 'never[]'.
      Type 'any' is not assignable to type 'never'.
src/components/ai/AIRecommendationEngine.tsx(314,13): error TS2339: Property 'id' does not exist on type 'never'.
src/components/ai/AIRecommendationEngine.tsx(315,15): error TS2698: Spread types may only be created from object types.
src/components/ai/AIRecommendationEngine.tsx(321,24): error TS7006: Parameter 'type' implicitly has an 'any' type.
src/components/ai/AIRecommendationEngine.tsx(333,25): error TS7006: Parameter 'type' implicitly has an 'any' type.
src/components/ai/AIRecommendationEngine.tsx(345,27): error TS7006: Parameter 'status' implicitly has an 'any' type.
src/components/ai/AIRecommendationEngine.tsx(355,31): error TS2339: Property 'title' does not exist on type 'never'.
src/components/ai/AIRecommendationEngine.tsx(356,30): error TS2339: Property 'description' does not exist on type 'never'.
src/components/ai/AIRecommendationEngine.tsx(357,61): error TS2339: Property 'category' does not exist on type 'never'.
src/components/ai/AIRecommendationEngine.tsx(492,59): error TS2339: Property 'type' does not exist on type 'never'.
src/components/ai/AIRecommendationEngine.tsx(494,43): error TS2339: Property 'id' does not exist on type 'never'.
src/components/ai/AIRecommendationEngine.tsx(497,43): error TS2339: Property 'image' does not exist on type 'never'.
src/components/ai/AIRecommendationEngine.tsx(498,43): error TS2339: Property 'title' does not exist on type 'never'.
src/components/ai/AIRecommendationEngine.tsx(502,69): error TS2339: Property 'type' does not exist on type 'never'.
src/components/ai/AIRecommendationEngine.tsx(504,41): error TS2339: Property 'type' does not exist on type 'never'.
src/components/ai/AIRecommendationEngine.tsx(509,41): error TS2339: Property 'matchScore' does not exist on type 'never'.
src/components/ai/AIRecommendationEngine.tsx(515,73): error TS2339: Property 'title' does not exist on type 'never'.
src/components/ai/AIRecommendationEngine.tsx(517,39): error TS2339: Property 'description' does not exist on type 'never'.
src/components/ai/AIRecommendationEngine.tsx(523,39): error TS2339: Property 'instructor' does not exist on type 'never'.
src/components/ai/AIRecommendationEngine.tsx(524,70): error TS2339: Property 'instructor' does not exist on type 'never'.
src/components/ai/AIRecommendationEngine.tsx(526,39): error TS2339: Property 'author' does not exist on type 'never'.
src/components/ai/AIRecommendationEngine.tsx(527,70): error TS2339: Property 'author' does not exist on type 'never'.
src/components/ai/AIRecommendationEngine.tsx(529,39): error TS2339: Property 'mentor' does not exist on type 'never'.
src/components/ai/AIRecommendationEngine.tsx(530,70): error TS2339: Property 'mentor' does not exist on type 'never'.
src/components/ai/AIRecommendationEngine.tsx(534,47): error TS2339: Property 'rating' does not exist on type 'never'.
src/components/ai/AIRecommendationEngine.tsx(539,39): error TS2339: Property 'tags' does not exist on type 'never'.
src/components/ai/AIRecommendationEngine.tsx(539,50): error TS7006: Parameter 'tag' implicitly has an 'any' type.
src/components/ai/AIRecommendationEngine.tsx(539,55): error TS7006: Parameter 'index' implicitly has an 'any' type.
src/components/ai/AIRecommendationEngine.tsx(551,41): error TS2339: Property 'reasons' does not exist on type 'never'.
src/components/ai/AIRecommendationEngine.tsx(551,67): error TS7006: Parameter 'reason' implicitly has an 'any' type.
src/components/ai/AIRecommendationEngine.tsx(551,75): error TS7006: Parameter 'index' implicitly has an 'any' type.
src/components/ai/AIRecommendationEngine.tsx(564,82): error TS2339: Property 'id' does not exist on type 'never'.
src/components/ai/AIRecommendationEngine.tsx(572,82): error TS2339: Property 'id' does not exist on type 'never'.
src/components/ai/AIRecommendationEngine.tsx(579,82): error TS2339: Property 'id' does not exist on type 'never'.
src/components/ai/AIRecommendationEngine.tsx(586,82): error TS2339: Property 'id' does not exist on type 'never'.
src/components/ai/AIRecommendationEngine.tsx(613,34): error TS2339: Property 'id' does not exist on type 'never'.
src/components/ai/AIRecommendationEngine.tsx(620,32): error TS2339: Property 'status' does not exist on type 'never'.
src/components/ai/AIRecommendationEngine.tsx(622,36): error TS2339: Property 'status' does not exist on type 'never'.
src/components/ai/AIRecommendationEngine.tsx(631,32): error TS2339: Property 'status' does not exist on type 'never'.
src/components/ai/AIRecommendationEngine.tsx(633,36): error TS2339: Property 'status' does not exist on type 'never'.
src/components/ai/AIRecommendationEngine.tsx(639,68): error TS2339: Property 'title' does not exist on type 'never'.
src/components/ai/AIRecommendationEngine.tsx(640,69): error TS2339: Property 'status' does not exist on type 'never'.
src/components/ai/AIRecommendationEngine.tsx(641,39): error TS2339: Property 'status' does not exist on type 'never'.
src/components/ai/AIRecommendationEngine.tsx(644,52): error TS2339: Property 'description' does not exist on type 'never'.
src/components/ai/AIRecommendationEngine.tsx(650,68): error TS2339: Property 'type' does not exist on type 'never'.
src/components/ai/AIRecommendationEngine.tsx(654,68): error TS2339: Property 'estimatedTime' does not exist on type 'never'.
src/components/ai/AIRecommendationEngine.tsx(658,68): error TS2339: Property 'difficulty' does not exist on type 'never'.
src/components/ai/AIRecommendationEngine.tsx(663,41): error TS2339: Property 'prerequisites' does not exist on type 'never'.
src/components/ai/AIRecommendationEngine.tsx(663,73): error TS2339: Property 'prerequisites' does not exist on type 'never'.
src/components/ai/AIRecommendationEngine.tsx(667,35): error TS2339: Property 'status' does not exist on type 'never'.
src/components/ai/AITutoringSystem.tsx(173,28): error TS2345: Argument of type '({ id: number; type: string; message: string; timestamp: string; hints?: undefined; } | { id: number; type: string; message: string; timestamp: string; hints: string[]; })[]' is not assignable to parameter of type 'SetStateAction<never[]>'.
  Type '({ id: number; type: string; message: string; timestamp: string; hints?: undefined; } | { id: number; type: string; message: string; timestamp: string; hints: string[]; })[]' is not assignable to type 'never[]'.
    Type '{ id: number; type: string; message: string; timestamp: string; hints?: undefined; } | { id: number; type: string; message: string; timestamp: string; hints: string[]; }' is not assignable to type 'never'.
      Type '{ id: number; type: string; message: string; timestamp: string; hints?: undefined; }' is not assignable to type 'never'.
src/components/ai/AITutoringSystem.tsx(174,26): error TS2345: Argument of type '{ id: number; concept: string; hint: string; difficulty: string; success_rate: number; examples: string[]; }[]' is not assignable to parameter of type 'SetStateAction<never[]>'.
  Type '{ id: number; concept: string; hint: string; difficulty: string; success_rate: number; examples: string[]; }[]' is not assignable to type 'never[]'.
    Type '{ id: number; concept: string; hint: string; difficulty: string; success_rate: number; examples: string[]; }' is not assignable to type 'never'.
src/components/ai/AITutoringSystem.tsx(175,21): error TS2345: Argument of type '{ currentLevel: number; totalLevels: number; progress: number; completedConcepts: string[]; currentConcepts: string[]; upcomingConcepts: string[]; estimatedTimeToComplete: string; adaptiveRecommendations: string[]; }' is not assignable to parameter of type 'SetStateAction<null>'.
  Type '{ currentLevel: number; totalLevels: number; progress: number; completedConcepts: string[]; currentConcepts: string[]; upcomingConcepts: string[]; estimatedTimeToComplete: string; adaptiveRecommendations: string[]; }' provides no match for the signature '(prevState: null): null'.
src/components/ai/AITutoringSystem.tsx(188,29): error TS2322: Type '{ id: number; type: string; message: string; timestamp: string; }' is not assignable to type 'never'.
src/components/ai/AITutoringSystem.tsx(188,53): error TS2322: Type '{ id: number; type: string; message: string; timestamp: string; }' is not assignable to type 'never'.
src/components/ai/AITutoringSystem.tsx(213,32): error TS2345: Argument of type '(prev: never[]) => { id: number; type: string; message: any; timestamp: string; hints: any; }[]' is not assignable to parameter of type 'SetStateAction<never[]>'.
  Type '(prev: never[]) => { id: number; type: string; message: any; timestamp: string; hints: any; }[]' is not assignable to type '(prevState: never[]) => never[]'.
    Type '{ id: number; type: string; message: any; timestamp: string; hints: any; }[]' is not assignable to type 'never[]'.
      Type '{ id: number; type: string; message: any; timestamp: string; hints: any; }' is not assignable to type 'never'.
src/components/ai/AITutoringSystem.tsx(224,32): error TS2345: Argument of type '(prev: never[]) => { id: number; type: string; message: string; timestamp: string; hints: string[]; }[]' is not assignable to parameter of type 'SetStateAction<never[]>'.
  Type '(prev: never[]) => { id: number; type: string; message: string; timestamp: string; hints: string[]; }[]' is not assignable to type '(prevState: never[]) => never[]'.
    Type '{ id: number; type: string; message: string; timestamp: string; hints: string[]; }[]' is not assignable to type 'never[]'.
      Type '{ id: number; type: string; message: string; timestamp: string; hints: string[]; }' is not assignable to type 'never'.
src/components/ai/AITutoringSystem.tsx(238,30): error TS2345: Argument of type '(prev: never[]) => { id: number; type: string; message: string; timestamp: string; hints: string[]; }[]' is not assignable to parameter of type 'SetStateAction<never[]>'.
  Type '(prev: never[]) => { id: number; type: string; message: string; timestamp: string; hints: string[]; }[]' is not assignable to type '(prevState: never[]) => never[]'.
    Type '{ id: number; type: string; message: string; timestamp: string; hints: string[]; }[]' is not assignable to type 'never[]'.
      Type '{ id: number; type: string; message: string; timestamp: string; hints: string[]; }' is not assignable to type 'never'.
src/components/ai/AITutoringSystem.tsx(244,31): error TS7006: Parameter 'question' implicitly has an 'any' type.
src/components/ai/AITutoringSystem.tsx(255,38): error TS7006: Parameter 'question' implicitly has an 'any' type.
src/components/ai/AITutoringSystem.tsx(267,7): error TS2353: Object literal may only specify known properties, and 'id' does not exist in type '(prevState: null) => null'.
src/components/ai/AITutoringSystem.tsx(273,31): error TS7006: Parameter 'difficulty' implicitly has an 'any' type.
src/components/ai/AITutoringSystem.tsx(390,38): error TS2339: Property 'id' does not exist on type 'never'.
src/components/ai/AITutoringSystem.tsx(391,52): error TS2339: Property 'type' does not exist on type 'never'.
src/components/ai/AITutoringSystem.tsx(395,37): error TS2339: Property 'type' does not exist on type 'never'.
src/components/ai/AITutoringSystem.tsx(401,38): error TS2339: Property 'type' does not exist on type 'never'.
src/components/ai/AITutoringSystem.tsx(404,38): error TS2339: Property 'type' does not exist on type 'never'.
src/components/ai/AITutoringSystem.tsx(408,63): error TS2339: Property 'message' does not exist on type 'never'.
src/components/ai/AITutoringSystem.tsx(410,41): error TS2339: Property 'type' does not exist on type 'never'.
src/components/ai/AITutoringSystem.tsx(412,42): error TS2339: Property 'timestamp' does not exist on type 'never'.
src/components/ai/AITutoringSystem.tsx(414,40): error TS2339: Property 'hints' does not exist on type 'never'.
src/components/ai/AITutoringSystem.tsx(416,44): error TS2339: Property 'hints' does not exist on type 'never'.
src/components/ai/AITutoringSystem.tsx(416,55): error TS7006: Parameter 'hint' implicitly has an 'any' type.
src/components/ai/AITutoringSystem.tsx(416,61): error TS7006: Parameter 'index' implicitly has an 'any' type.
src/components/ai/AITutoringSystem.tsx(540,31): error TS2339: Property 'id' does not exist on type 'never'.
src/components/ai/AITutoringSystem.tsx(543,58): error TS2339: Property 'concept' does not exist on type 'never'.
src/components/ai/AITutoringSystem.tsx(544,63): error TS2339: Property 'difficulty' does not exist on type 'never'.
src/components/ai/AITutoringSystem.tsx(545,29): error TS2339: Property 'difficulty' does not exist on type 'never'.
src/components/ai/AITutoringSystem.tsx(551,45): error TS2339: Property 'success_rate' does not exist on type 'never'.
src/components/ai/AITutoringSystem.tsx(553,76): error TS2339: Property 'success_rate' does not exist on type 'never'.
src/components/ai/AITutoringSystem.tsx(560,68): error TS2339: Property 'hint' does not exist on type 'never'.
src/components/ai/AITutoringSystem.tsx(566,29): error TS2339: Property 'examples' does not exist on type 'never'.
src/components/ai/AITutoringSystem.tsx(566,43): error TS7006: Parameter 'example' implicitly has an 'any' type.
src/components/ai/AITutoringSystem.tsx(566,52): error TS7006: Parameter 'index' implicitly has an 'any' type.
src/components/ai/AITutoringSystem.tsx(601,87): error TS2339: Property 'currentLevel' does not exist on type 'never'.
src/components/ai/AITutoringSystem.tsx(601,119): error TS2339: Property 'totalLevels' does not exist on type 'never'.
src/components/ai/AITutoringSystem.tsx(603,72): error TS2339: Property 'progress' does not exist on type 'never'.
src/components/ai/AITutoringSystem.tsx(605,46): error TS2339: Property 'progress' does not exist on type 'never'.
src/components/ai/AITutoringSystem.tsx(611,36): error TS2339: Property 'completedConcepts' does not exist on type 'never'.
src/components/ai/AITutoringSystem.tsx(611,59): error TS7006: Parameter 'concept' implicitly has an 'any' type.
src/components/ai/AITutoringSystem.tsx(611,68): error TS7006: Parameter 'index' implicitly has an 'any' type.
src/components/ai/AITutoringSystem.tsx(623,36): error TS2339: Property 'currentConcepts' does not exist on type 'never'.
src/components/ai/AITutoringSystem.tsx(623,57): error TS7006: Parameter 'concept' implicitly has an 'any' type.
src/components/ai/AITutoringSystem.tsx(623,66): error TS7006: Parameter 'index' implicitly has an 'any' type.
src/components/ai/AITutoringSystem.tsx(635,36): error TS2339: Property 'upcomingConcepts' does not exist on type 'never'.
src/components/ai/AITutoringSystem.tsx(635,58): error TS7006: Parameter 'concept' implicitly has an 'any' type.
src/components/ai/AITutoringSystem.tsx(635,67): error TS7006: Parameter 'index' implicitly has an 'any' type.
src/components/ai/AITutoringSystem.tsx(656,32): error TS2339: Property 'adaptiveRecommendations' does not exist on type 'never'.
src/components/ai/AITutoringSystem.tsx(656,61): error TS7006: Parameter 'recommendation' implicitly has an 'any' type.
src/components/ai/AITutoringSystem.tsx(656,77): error TS7006: Parameter 'index' implicitly has an 'any' type.
src/components/commerce/Cart.tsx(67,67): error TS2345: Argument of type '{ amount: number; currency: string; items: { courseId: string; price: number; }[]; }' is not assignable to parameter of type 'number'.
src/components/commerce/Cart.tsx(81,80): error TS2345: Argument of type '{ paymentMethod: string; cardDetails: { number: string; expiry: string; cvv: string; name: string; } | undefined; }' is not assignable to parameter of type 'string'.
src/components/commerce/Cart.tsx(94,29): error TS2339: Property 'enrollFreeCourse' does not exist on type 'PaymentApiService'.
src/components/communication/Forums.tsx(107,47): error TS2339: Property 'getPosts' does not exist on type 'ForumApiService'.
src/components/communication/Forums.tsx(123,48): error TS2339: Property 'getStudyGroups' does not exist on type 'ForumApiService'.
src/components/communication/Forums.tsx(155,51): error TS2339: Property 'getReplies' does not exist on type 'ForumApiService'.
src/components/communication/Forums.tsx(172,40): error TS2339: Property 'createPost' does not exist on type 'ForumApiService'.
src/components/communication/Forums.tsx(210,40): error TS2339: Property 'votePost' does not exist on type 'ForumApiService'.
src/components/communication/Forums.tsx(618,68): error TS7006: Parameter 'value' implicitly has an 'any' type.
src/components/communication/Forums.tsx(628,70): error TS7006: Parameter 'value' implicitly has an 'any' type.
src/components/communication/Forums.tsx(647,63): error TS2322: Type 'string[]' is not assignable to type 'never[]'.
  Type 'string' is not assignable to type 'never'.
src/components/communication/Forums.tsx(787,67): error TS7006: Parameter 'value' implicitly has an 'any' type.
src/components/context/LanguageContext.tsx(1186,5): error TS1117: An object literal cannot have multiple properties with the same name.
src/components/context/LanguageContext.tsx(1187,5): error TS1117: An object literal cannot have multiple properties with the same name.
src/components/context/LanguageContext.tsx(1192,5): error TS1117: An object literal cannot have multiple properties with the same name.
src/components/context/LanguageContext.tsx(1194,5): error TS1117: An object literal cannot have multiple properties with the same name.
src/components/context/LanguageContext.tsx(1196,5): error TS1117: An object literal cannot have multiple properties with the same name.
src/components/context/LanguageContext.tsx(1198,5): error TS1117: An object literal cannot have multiple properties with the same name.
src/components/context/LanguageContext.tsx(1200,5): error TS1117: An object literal cannot have multiple properties with the same name.
src/components/context/LanguageContext.tsx(1201,5): error TS1117: An object literal cannot have multiple properties with the same name.
src/components/context/LanguageContext.tsx(1202,5): error TS1117: An object literal cannot have multiple properties with the same name.
src/components/context/LanguageContext.tsx(1203,5): error TS1117: An object literal cannot have multiple properties with the same name.
src/components/context/LanguageContext.tsx(1204,5): error TS1117: An object literal cannot have multiple properties with the same name.
src/components/context/LanguageContext.tsx(1206,5): error TS1117: An object literal cannot have multiple properties with the same name.
src/components/context/LanguageContext.tsx(1208,5): error TS1117: An object literal cannot have multiple properties with the same name.
src/components/context/LanguageContext.tsx(1213,5): error TS1117: An object literal cannot have multiple properties with the same name.
src/components/context/LanguageContext.tsx(1215,5): error TS1117: An object literal cannot have multiple properties with the same name.
src/components/context/LanguageContext.tsx(1217,5): error TS1117: An object literal cannot have multiple properties with the same name.
src/components/context/LanguageContext.tsx(1219,5): error TS1117: An object literal cannot have multiple properties with the same name.
src/components/context/LanguageContext.tsx(1225,5): error TS1117: An object literal cannot have multiple properties with the same name.
src/components/context/LanguageContext.tsx(1226,5): error TS1117: An object literal cannot have multiple properties with the same name.
src/components/context/LanguageContext.tsx(1232,5): error TS1117: An object literal cannot have multiple properties with the same name.
src/components/context/LanguageContext.tsx(1271,5): error TS1117: An object literal cannot have multiple properties with the same name.
src/components/context/LanguageContext.tsx(1682,5): error TS1117: An object literal cannot have multiple properties with the same name.
src/components/context/LanguageContext.tsx(2805,5): error TS1117: An object literal cannot have multiple properties with the same name.
src/components/context/LanguageContext.tsx(2806,5): error TS1117: An object literal cannot have multiple properties with the same name.
src/components/context/LanguageContext.tsx(2807,5): error TS1117: An object literal cannot have multiple properties with the same name.
src/components/context/LanguageContext.tsx(2808,5): error TS1117: An object literal cannot have multiple properties with the same name.
src/components/context/LanguageContext.tsx(2809,5): error TS1117: An object literal cannot have multiple properties with the same name.
src/components/context/LanguageContext.tsx(2810,5): error TS1117: An object literal cannot have multiple properties with the same name.
src/components/context/LanguageContext.tsx(2811,5): error TS1117: An object literal cannot have multiple properties with the same name.
src/components/context/LanguageContext.tsx(2812,5): error TS1117: An object literal cannot have multiple properties with the same name.
src/components/context/LanguageContext.tsx(2813,5): error TS1117: An object literal cannot have multiple properties with the same name.
src/components/context/LanguageContext.tsx(2814,5): error TS1117: An object literal cannot have multiple properties with the same name.
src/components/context/LanguageContext.tsx(2815,5): error TS1117: An object literal cannot have multiple properties with the same name.
src/components/context/LanguageContext.tsx(2816,5): error TS1117: An object literal cannot have multiple properties with the same name.
src/components/context/LanguageContext.tsx(2817,5): error TS1117: An object literal cannot have multiple properties with the same name.
src/components/context/LanguageContext.tsx(2818,5): error TS1117: An object literal cannot have multiple properties with the same name.
src/components/context/LanguageContext.tsx(2819,5): error TS1117: An object literal cannot have multiple properties with the same name.
src/components/context/LanguageContext.tsx(2820,5): error TS1117: An object literal cannot have multiple properties with the same name.
src/components/context/LanguageContext.tsx(2821,5): error TS1117: An object literal cannot have multiple properties with the same name.
src/components/context/LanguageContext.tsx(2822,5): error TS1117: An object literal cannot have multiple properties with the same name.
src/components/context/LanguageContext.tsx(2823,5): error TS1117: An object literal cannot have multiple properties with the same name.
src/components/context/LanguageContext.tsx(2824,5): error TS1117: An object literal cannot have multiple properties with the same name.
src/components/context/LanguageContext.tsx(2825,5): error TS1117: An object literal cannot have multiple properties with the same name.
src/components/context/LanguageContext.tsx(2826,5): error TS1117: An object literal cannot have multiple properties with the same name.
src/components/context/LanguageContext.tsx(2827,5): error TS1117: An object literal cannot have multiple properties with the same name.
src/components/context/LanguageContext.tsx(3270,5): error TS1117: An object literal cannot have multiple properties with the same name.
src/components/context/LanguageContext.tsx(3316,5): error TS1117: An object literal cannot have multiple properties with the same name.
src/components/context/LanguageContext.tsx(3483,23): error TS7053: Element implicitly has an 'any' type because expression of type 'string' can't be used to index type '{ 'auth.login': string; 'auth.signup': string; 'auth.logout': string; 'auth.email': string; 'auth.password': string; 'auth.confirmPassword': string; 'auth.fullName': string; 'auth.organization': string; ... 1559 more ...; 'signup.privacyPolicy': string; } | { ...; }'.
  No index signature with a parameter of type 'string' was found on type '{ 'auth.login': string; 'auth.signup': string; 'auth.logout': string; 'auth.email': string; 'auth.password': string; 'auth.confirmPassword': string; 'auth.fullName': string; 'auth.organization': string; ... 1559 more ...; 'signup.privacyPolicy': string; } | { ...; }'.
src/components/Dashboard.tsx(24,37): error TS2307: Cannot find module './AICreditsManagement' or its corresponding type declarations.
src/components/instructor/CourseCreator.tsx(101,16): error TS7053: Element implicitly has an 'any' type because expression of type 'string' can't be used to index type '{ title: any; description: any; field: any; category: any; level: any; language: any; tags: any; duration: any; maxStudents: any; startDate: any; endDate: any; visibility: any; price: any; prerequisites: any; ... 7 more ...; autoEnroll: any; }'.
  No index signature with a parameter of type 'string' was found on type '{ title: any; description: any; field: any; category: any; level: any; language: any; tags: any; duration: any; maxStudents: any; startDate: any; endDate: any; visibility: any; price: any; prerequisites: any; ... 7 more ...; autoEnroll: any; }'.
src/components/instructor/CourseCreator.tsx(195,28): error TS2339: Property 'isFree' does not exist on type '{ title: any; description: any; field: any; category: any; level: any; language: any; tags: any; duration: any; maxStudents: any; startDate: any; endDate: any; visibility: any; price: any; prerequisites: any; ... 7 more ...; autoEnroll: any; }'.
src/components/instructor/CourseCreator.tsx(197,30): error TS2339: Property 'isPublic' does not exist on type '{ title: any; description: any; field: any; category: any; level: any; language: any; tags: any; duration: any; maxStudents: any; startDate: any; endDate: any; visibility: any; price: any; prerequisites: any; ... 7 more ...; autoEnroll: any; }'.
src/components/instructor/CourseCreator.tsx(198,50): error TS7006: Parameter 'obj' implicitly has an 'any' type.
src/components/instructor/CourseCreator.tsx(319,41): error TS7006: Parameter 'value' implicitly has an 'any' type.
src/components/instructor/CourseCreator.tsx(350,41): error TS7006: Parameter 'value' implicitly has an 'any' type.
src/components/instructor/CourseCreator.tsx(372,43): error TS7006: Parameter 'value' implicitly has an 'any' type.
src/components/instructor/CourseCreator.tsx(391,43): error TS7006: Parameter 'value' implicitly has an 'any' type.
src/components/instructor/CourseCreator.tsx(617,41): error TS7006: Parameter 'value' implicitly has an 'any' type.
src/components/instructor/CourseCreator.tsx(671,45): error TS7006: Parameter 'checked' implicitly has an 'any' type.
src/components/instructor/CourseCreator.tsx(686,45): error TS7006: Parameter 'checked' implicitly has an 'any' type.
src/components/instructor/CourseCreator.tsx(701,45): error TS7006: Parameter 'checked' implicitly has an 'any' type.
src/components/instructor/CourseCreator.tsx(716,45): error TS7006: Parameter 'checked' implicitly has an 'any' type.
src/components/instructor/CourseCreator.tsx(805,57): error TS7006: Parameter 'obj' implicitly has an 'any' type.
src/components/instructor/CourseManagement.tsx(58,11): error TS2430: Interface 'CourseManagementCourse' incorrectly extends interface 'Course'.
  Types of property 'id' are incompatible.
    Type 'string | number' is not assignable to type 'string'.
      Type 'number' is not assignable to type 'string'.
src/components/instructor/CourseManagement.tsx(180,48): error TS2339: Property 'id' does not exist on type 'AccessibleField'.
src/components/instructor/CourseManagement.tsx(184,40): error TS2339: Property 'id' does not exist on type 'AccessibleField'.
src/components/instructor/CourseManagement.tsx(204,58): error TS2339: Property 'id' does not exist on type 'AccessibleField'.
src/components/instructor/CourseManagement.tsx(209,58): error TS2339: Property 'id' does not exist on type 'AccessibleField'.
src/components/instructor/CourseManagement.tsx(214,58): error TS2339: Property 'id' does not exist on type 'AccessibleField'.
src/components/instructor/CourseManagement.tsx(445,70): error TS2339: Property 'id' does not exist on type 'AccessibleField'.
src/components/instructor/CourseManagement.tsx(638,66): error TS2339: Property 'id' does not exist on type 'AccessibleField'.
src/components/instructor/CourseManagement.tsx(733,57): error TS2339: Property 'id' does not exist on type 'AccessibleField'.
src/components/instructor/CourseManagement.tsx(733,87): error TS2339: Property 'id' does not exist on type 'AccessibleField'.
src/components/instructor/CourseManagement.tsx(794,111): error TS2339: Property 'id' does not exist on type 'AccessibleField'.
src/components/instructor/CourseManagement.tsx(1035,84): error TS2339: Property 'id' does not exist on type 'AccessibleField'.
src/components/instructor/InstructorAnalytics.tsx(745,46): error TS7006: Parameter 'issue' implicitly has an 'any' type.
src/components/instructor/InstructorAnalytics.tsx(745,53): error TS7006: Parameter 'index' implicitly has an 'any' type.
src/components/instructor/InstructorSettings.tsx(170,37): error TS2339: Property 'id' does not exist on type 'never'.
src/components/instructor/InstructorSettings.tsx(170,77): error TS2339: Property 'id' does not exist on type 'never'.
src/components/instructor/InstructorSettings.tsx(403,42): error TS2345: Argument of type '{ id: number; title: string; students: number; status: string; startDate: string; endDate: string; resources: number; assignments: number; }' is not assignable to parameter of type 'SetStateAction<null>'.
  Type '{ id: number; title: string; students: number; status: string; startDate: string; endDate: string; resources: number; assignments: number; }' provides no match for the signature '(prevState: null): null'.
src/components/instructor/InstructorSettings.tsx(480,41): error TS7006: Parameter 'checked' implicitly has an 'any' type.
src/components/instructor/InstructorSettings.tsx(495,41): error TS7006: Parameter 'checked' implicitly has an 'any' type.
src/components/instructor/InstructorSettings.tsx(510,41): error TS7006: Parameter 'checked' implicitly has an 'any' type.
src/components/instructor/InstructorSettings.tsx(531,41): error TS7006: Parameter 'value' implicitly has an 'any' type.
src/components/instructor/InstructorSettings.tsx(564,41): error TS7006: Parameter 'checked' implicitly has an 'any' type.
src/components/instructor/InstructorSettings.tsx(579,41): error TS7006: Parameter 'checked' implicitly has an 'any' type.
src/components/instructor/InstructorSettings.tsx(594,41): error TS7006: Parameter 'checked' implicitly has an 'any' type.
src/components/instructor/InstructorSettings.tsx(648,41): error TS7006: Parameter 'checked' implicitly has an 'any' type.
src/components/instructor/InstructorSettings.tsx(663,41): error TS7006: Parameter 'checked' implicitly has an 'any' type.
src/components/instructor/InstructorSettings.tsx(678,41): error TS7006: Parameter 'checked' implicitly has an 'any' type.
src/components/instructor/InstructorSettings.tsx(693,41): error TS7006: Parameter 'checked' implicitly has an 'any' type.
src/components/instructor/InstructorSettings.tsx(715,41): error TS7006: Parameter 'checked' implicitly has an 'any' type.
src/components/instructor/InstructorSettings.tsx(730,41): error TS7006: Parameter 'checked' implicitly has an 'any' type.
src/components/instructor/InstructorSettings.tsx(740,39): error TS7006: Parameter 'value' implicitly has an 'any' type.
src/components/OrganizationUpdated.tsx(584,75): error TS2345: Argument of type '{ title: string; description: string; content: string; type: "video" | "text" | "quiz" | "assignment"; order: number; duration: number; isPublished: boolean; resources: { title: string; type: string; url: string; size?: number; description?: string; isDownloadable: boolean; }[]; }' is not assignable to parameter of type 'FormData'.
  Type '{ title: string; description: string; content: string; type: "video" | "text" | "quiz" | "assignment"; order: number; duration: number; isPublished: boolean; resources: { title: string; type: string; url: string; size?: number | undefined; description?: string | undefined; isDownloadable: boolean; }[]; }' is missing the following properties from type 'FormData': append, delete, get, getAll, and 7 more.
src/components/shared/FileUpload.tsx(97,39): error TS2554: Expected 2 arguments, but got 1.
src/components/shared/FileUpload.tsx(106,56): error TS2559: Type '"misc"' has no properties in common with type '{ folder?: string | undefined; public?: boolean | undefined; maxSize?: number | undefined; allowedTypes?: string[] | undefined; }'.
src/components/shared/Settings.tsx(80,27): error TS2339: Property 'name' does not exist on type '{ firstName: string; lastName: string; email: string; phone: string; jobTitle: string; department: string; bio: string; }'.
src/components/shared/Settings.tsx(83,9): error TS2353: Object literal may only specify known properties, and 'location' does not exist in type 'Partial<{ name: string; email: string; bio: string; status: string; }>'.
src/components/shared/Settings.tsx(83,31): error TS2339: Property 'location' does not exist on type '{ firstName: string; lastName: string; email: string; phone: string; jobTitle: string; department: string; bio: string; }'.
src/components/shared/Settings.tsx(84,30): error TS2339: Property 'website' does not exist on type '{ firstName: string; lastName: string; email: string; phone: string; jobTitle: string; department: string; bio: string; }'.
src/components/shared/Settings.tsx(142,11): error TS1345: An expression of type 'void' cannot be tested for truthiness.
src/components/shared/Settings.tsx(382,41): error TS7006: Parameter 'checked' implicitly has an 'any' type.
src/components/shared/Settings.tsx(396,41): error TS7006: Parameter 'checked' implicitly has an 'any' type.
src/components/shared/Settings.tsx(416,41): error TS7006: Parameter 'checked' implicitly has an 'any' type.
src/components/shared/Settings.tsx(430,41): error TS7006: Parameter 'checked' implicitly has an 'any' type.
src/components/shared/Settings.tsx(444,41): error TS7006: Parameter 'checked' implicitly has an 'any' type.
src/components/student/CourseDiscovery.tsx(282,26): error TS18048: 'course.skills' is possibly 'undefined'.
src/components/student/CourseDiscovery.tsx(336,46): error TS2339: Property 'enrollFreeCourse' does not exist on type 'PaymentApiService'.
src/components/student/CourseDiscovery.tsx(466,47): error TS18048: 'course.reviewsCount' is possibly 'undefined'.
src/components/student/CourseDiscovery.tsx(476,12): error TS18048: 'course.skills' is possibly 'undefined'.
src/components/student/CourseDiscovery.tsx(481,12): error TS18048: 'course.skills' is possibly 'undefined'.
src/components/student/CourseDiscovery.tsx(483,17): error TS18048: 'course.skills' is possibly 'undefined'.
src/components/student/LessonView.tsx(300,13): error TS2353: Object literal may only specify known properties, and 'type' does not exist in type '{ event: string; properties?: any; userId?: string | undefined; courseId?: string | undefined; lessonId?: string | undefined; }'.
src/components/student/StudentSettings.tsx(138,39): error TS2554: Expected 2 arguments, but got 1.
src/components/student/StudentSettings.tsx(156,32): error TS2339: Property 'success' does not exist on type 'User'.
src/components/student/StudentSettings.tsx(179,39): error TS2554: Expected 2 arguments, but got 1.
src/components/student/StudentSettings.tsx(185,32): error TS2339: Property 'success' does not exist on type 'User'.
src/components/student/StudentSettings.tsx(208,39): error TS2554: Expected 2 arguments, but got 1.
src/components/student/StudentSettings.tsx(214,32): error TS2339: Property 'success' does not exist on type 'User'.
src/components/student/StudentSettings.tsx(237,39): error TS2554: Expected 2 arguments, but got 1.
src/components/student/StudentSettings.tsx(238,26): error TS2304: Cannot find name 'privacySettings'.
src/components/student/StudentSettings.tsx(243,32): error TS2339: Property 'success' does not exist on type 'User'.
src/components/student/StudentSettings.tsx(389,37): error TS7006: Parameter 'value' implicitly has an 'any' type.
src/components/student/StudentSettings.tsx(515,39): error TS7006: Parameter 'value' implicitly has an 'any' type.
src/components/student/StudentSettings.tsx(535,39): error TS7006: Parameter 'value' implicitly has an 'any' type.
src/components/student/StudentSettings.tsx(557,39): error TS7006: Parameter 'value' implicitly has an 'any' type.
src/components/student/StudentSettings.tsx(571,39): error TS7006: Parameter 'value' implicitly has an 'any' type.
src/components/student/StudentSettings.tsx(597,41): error TS7006: Parameter 'checked' implicitly has an 'any' type.
src/components/student/StudentSettings.tsx(612,41): error TS7006: Parameter 'checked' implicitly has an 'any' type.
src/components/student/StudentSettings.tsx(623,41): error TS7006: Parameter 'value' implicitly has an 'any' type.
src/components/student/StudentSettings.tsx(645,41): error TS7006: Parameter 'value' implicitly has an 'any' type.
src/components/student/StudentSettings.tsx(678,41): error TS7006: Parameter 'checked' implicitly has an 'any' type.
src/components/student/StudentSettings.tsx(693,41): error TS7006: Parameter 'checked' implicitly has an 'any' type.
src/components/student/StudentSettings.tsx(708,41): error TS7006: Parameter 'checked' implicitly has an 'any' type.
src/components/student/StudentSettings.tsx(762,41): error TS7006: Parameter 'checked' implicitly has an 'any' type.
src/components/student/StudentSettings.tsx(777,41): error TS7006: Parameter 'checked' implicitly has an 'any' type.
src/components/student/StudentSettings.tsx(792,41): error TS7006: Parameter 'checked' implicitly has an 'any' type.
src/components/student/StudentSettings.tsx(807,41): error TS7006: Parameter 'checked' implicitly has an 'any' type.
src/components/student/StudentSettings.tsx(829,41): error TS7006: Parameter 'checked' implicitly has an 'any' type.
src/components/student/StudentSettings.tsx(844,41): error TS7006: Parameter 'checked' implicitly has an 'any' type.
src/components/student/StudentSettings.tsx(859,41): error TS7006: Parameter 'checked' implicitly has an 'any' type.
src/components/student/StudentSettings.tsx(881,41): error TS7006: Parameter 'checked' implicitly has an 'any' type.
src/components/student/StudentSettings.tsx(891,39): error TS7006: Parameter 'value' implicitly has an 'any' type.
src/components/student/StudentSettings.tsx(972,37): error TS7006: Parameter 'value' implicitly has an 'any' type.
src/components/student/StudentSettings.tsx(998,41): error TS7006: Parameter 'checked' implicitly has an 'any' type.
src/components/student/StudentSettings.tsx(1013,41): error TS7006: Parameter 'checked' implicitly has an 'any' type.
src/components/student/StudentSettings.tsx(1028,41): error TS7006: Parameter 'checked' implicitly has an 'any' type.
src/components/student/StudentSettings.tsx(1050,41): error TS7006: Parameter 'checked' implicitly has an 'any' type.
src/components/student/StudentSettings.tsx(1065,41): error TS7006: Parameter 'checked' implicitly has an 'any' type.
src/components/student/StudentSettings.tsx(1080,41): error TS7006: Parameter 'checked' implicitly has an 'any' type.
src/components/tools/QuestionBankSelector.tsx(228,9): error TS2353: Object literal may only specify known properties, and 'page' does not exist in type 'QuestionFilters'.
src/components/tools/ResourceManager.tsx(181,11): error TS2353: Object literal may only specify known properties, and 'id' does not exist in type '{ title: string; description: string; type: string; url: string; file: null; isPublic: boolean; category: string; tags: never[]; accessLevel: string; }'.
src/components/tools/ResourceManager.tsx(443,44): error TS2345: Argument of type '(prev: { title: string; description: string; type: string; url: string; file: null; isPublic: boolean; category: string; tags: never[]; accessLevel: string; }) => { file: File; title: string; type: string; ... 5 more ...; accessLevel: string; }' is not assignable to parameter of type 'SetStateAction<{ title: string; description: string; type: string; url: string; file: null; isPublic: boolean; category: string; tags: never[]; accessLevel: string; }>'.
  Type '(prev: { title: string; description: string; type: string; url: string; file: null; isPublic: boolean; category: string; tags: never[]; accessLevel: string; }) => { file: File; title: string; type: string; ... 5 more ...; accessLevel: string; }' is not assignable to type '(prevState: { title: string; description: string; type: string; url: string; file: null; isPublic: boolean; category: string; tags: never[]; accessLevel: string; }) => { title: string; description: string; ... 6 more ...; accessLevel: string; }'.
    Call signature return types '{ file: File; title: string; type: string; description: string; url: string; isPublic: boolean; category: string; tags: never[]; accessLevel: string; }' and '{ title: string; description: string; type: string; url: string; file: null; isPublic: boolean; category: string; tags: never[]; accessLevel: string; }' are incompatible.
      The types of 'file' are incompatible between these types.
        Type 'File' is not assignable to type 'null'.
src/components/tools/ResourceManager.tsx(460,55): error TS2339: Property 'name' does not exist on type 'never'.
src/components/tools/ResourceManager.tsx(503,37): error TS7006: Parameter 'value' implicitly has an 'any' type.
src/components/tools/ResourceManager.tsx(538,37): error TS7006: Parameter 'value' implicitly has an 'any' type.
src/components/tools/ResourceManager.tsx(562,39): error TS7006: Parameter 'checked' implicitly has an 'any' type.
src/components/ui/accordion.tsx(4,37): error TS2307: Cannot find module '@radix-ui/react-accordion@1.2.3' or its corresponding type declarations.
src/components/ui/accordion.tsx(5,33): error TS2307: Cannot find module 'lucide-react@0.487.0' or its corresponding type declarations.
src/components/ui/alert-dialog.tsx(4,39): error TS2307: Cannot find module '@radix-ui/react-alert-dialog@1.1.6' or its corresponding type declarations.
src/components/ui/alert.tsx(2,40): error TS2307: Cannot find module 'class-variance-authority@0.7.1' or its corresponding type declarations.
src/components/ui/aspect-ratio.tsx(3,39): error TS2307: Cannot find module '@radix-ui/react-aspect-ratio@1.1.2' or its corresponding type declarations.
src/components/ui/avatar.tsx(4,34): error TS2307: Cannot find module '@radix-ui/react-avatar@1.1.3' or its corresponding type declarations.
src/components/ui/badge.tsx(2,22): error TS2307: Cannot find module '@radix-ui/react-slot@1.1.2' or its corresponding type declarations.
src/components/ui/badge.tsx(3,40): error TS2307: Cannot find module 'class-variance-authority@0.7.1' or its corresponding type declarations.
src/components/ui/breadcrumb.tsx(2,22): error TS2307: Cannot find module '@radix-ui/react-slot@1.1.2' or its corresponding type declarations.
src/components/ui/breadcrumb.tsx(3,46): error TS2307: Cannot find module 'lucide-react@0.487.0' or its corresponding type declarations.
src/components/ui/calendar.tsx(4,43): error TS2307: Cannot find module 'lucide-react@0.487.0' or its corresponding type declarations.
src/components/ui/calendar.tsx(5,27): error TS2307: Cannot find module 'react-day-picker@8.10.1' or its corresponding type declarations.
src/components/ui/calendar.tsx(63,22): error TS7031: Binding element 'className' implicitly has an 'any' type.
src/components/ui/calendar.tsx(66,23): error TS7031: Binding element 'className' implicitly has an 'any' type.
src/components/ui/carousel.tsx(6,8): error TS2307: Cannot find module 'embla-carousel-react@8.6.0' or its corresponding type declarations.
src/components/ui/carousel.tsx(7,39): error TS2307: Cannot find module 'lucide-react@0.487.0' or its corresponding type declarations.
src/components/ui/chart.tsx(4,36): error TS2307: Cannot find module 'recharts@2.15.2' or its corresponding type declarations.
src/components/ui/chart.tsx(182,23): error TS7006: Parameter 'item' implicitly has an 'any' type.
src/components/ui/chart.tsx(182,29): error TS7006: Parameter 'index' implicitly has an 'any' type.
src/components/ui/chart.tsx(278,21): error TS7006: Parameter 'item' implicitly has an 'any' type.
src/components/ui/checkbox.tsx(4,36): error TS2307: Cannot find module '@radix-ui/react-checkbox@1.1.4' or its corresponding type declarations.
src/components/ui/checkbox.tsx(5,27): error TS2307: Cannot find module 'lucide-react@0.487.0' or its corresponding type declarations.
src/components/ui/collapsible.tsx(3,39): error TS2307: Cannot find module '@radix-ui/react-collapsible@1.1.3' or its corresponding type declarations.
src/components/ui/command.tsx(4,45): error TS2307: Cannot find module 'cmdk@1.1.1' or its corresponding type declarations.
src/components/ui/command.tsx(5,28): error TS2307: Cannot find module 'lucide-react@0.487.0' or its corresponding type declarations.
src/components/ui/context-menu.tsx(4,39): error TS2307: Cannot find module '@radix-ui/react-context-menu@2.2.6' or its corresponding type declarations.
src/components/ui/context-menu.tsx(5,57): error TS2307: Cannot find module 'lucide-react@0.487.0' or its corresponding type declarations.
src/components/ui/dialog.tsx(4,34): error TS2307: Cannot find module '@radix-ui/react-dialog@1.1.6' or its corresponding type declarations.
src/components/ui/dialog.tsx(5,23): error TS2307: Cannot find module 'lucide-react@0.487.0' or its corresponding type declarations.
src/components/ui/drawer.tsx(4,43): error TS2307: Cannot find module 'vaul@1.1.2' or its corresponding type declarations.
src/components/ui/dropdown-menu.tsx(4,40): error TS2307: Cannot find module '@radix-ui/react-dropdown-menu@2.1.6' or its corresponding type declarations.
src/components/ui/dropdown-menu.tsx(5,57): error TS2307: Cannot find module 'lucide-react@0.487.0' or its corresponding type declarations.
src/components/ui/form.tsx(4,33): error TS2307: Cannot find module '@radix-ui/react-label@2.1.2' or its corresponding type declarations.
src/components/ui/form.tsx(5,22): error TS2307: Cannot find module '@radix-ui/react-slot@1.1.2' or its corresponding type declarations.
src/components/ui/form.tsx(14,8): error TS2307: Cannot find module 'react-hook-form@7.55.0' or its corresponding type declarations.
src/components/ui/hover-card.tsx(4,37): error TS2307: Cannot find module '@radix-ui/react-hover-card@1.1.6' or its corresponding type declarations.
src/components/ui/input-otp.tsx(4,43): error TS2307: Cannot find module 'input-otp@1.4.2' or its corresponding type declarations.
src/components/ui/input-otp.tsx(5,27): error TS2307: Cannot find module 'lucide-react@0.487.0' or its corresponding type declarations.
src/components/ui/input-otp.tsx(47,61): error TS2339: Property 'slots' does not exist on type '{}'.
src/components/ui/label.tsx(4,33): error TS2307: Cannot find module '@radix-ui/react-label@2.1.2' or its corresponding type declarations.
src/components/ui/menubar.tsx(4,35): error TS2307: Cannot find module '@radix-ui/react-menubar@1.1.6' or its corresponding type declarations.
src/components/ui/menubar.tsx(5,57): error TS2307: Cannot find module 'lucide-react@0.487.0' or its corresponding type declarations.
src/components/ui/navigation-menu.tsx(2,42): error TS2307: Cannot find module '@radix-ui/react-navigation-menu@1.2.5' or its corresponding type declarations.
src/components/ui/navigation-menu.tsx(3,21): error TS2307: Cannot find module 'class-variance-authority@0.7.1' or its corresponding type declarations.
src/components/ui/navigation-menu.tsx(4,33): error TS2307: Cannot find module 'lucide-react@0.487.0' or its corresponding type declarations.
src/components/ui/pagination.tsx(6,8): error TS2307: Cannot find module 'lucide-react@0.487.0' or its corresponding type declarations.
src/components/ui/popover.tsx(4,35): error TS2307: Cannot find module '@radix-ui/react-popover@1.1.6' or its corresponding type declarations.
src/components/ui/radio-group.tsx(4,38): error TS2307: Cannot find module '@radix-ui/react-radio-group@1.2.3' or its corresponding type declarations.
src/components/ui/radio-group.tsx(5,28): error TS2307: Cannot find module 'lucide-react@0.487.0' or its corresponding type declarations.
src/components/ui/resizable.tsx(4,34): error TS2307: Cannot find module 'lucide-react@0.487.0' or its corresponding type declarations.
src/components/ui/resizable.tsx(5,37): error TS2307: Cannot find module 'react-resizable-panels@2.1.7' or its corresponding type declarations.
src/components/ui/scroll-area.tsx(4,38): error TS2307: Cannot find module '@radix-ui/react-scroll-area@1.2.3' or its corresponding type declarations.
src/components/ui/select.tsx(4,34): error TS2307: Cannot find module '@radix-ui/react-select@2.1.6' or its corresponding type declarations.
src/components/ui/select.tsx(9,8): error TS2307: Cannot find module 'lucide-react@0.487.0' or its corresponding type declarations.
src/components/ui/separator.tsx(4,37): error TS2307: Cannot find module '@radix-ui/react-separator@1.1.2' or its corresponding type declarations.
src/components/ui/sheet.tsx(4,33): error TS2307: Cannot find module '@radix-ui/react-dialog@1.1.6' or its corresponding type declarations.
src/components/ui/sheet.tsx(5,23): error TS2307: Cannot find module 'lucide-react@0.487.0' or its corresponding type declarations.
src/components/ui/sidebar.tsx(4,22): error TS2307: Cannot find module '@radix-ui/react-slot@1.1.2' or its corresponding type declarations.
src/components/ui/sidebar.tsx(5,35): error TS2307: Cannot find module 'class-variance-authority@0.7.1' or its corresponding type declarations.
src/components/ui/sidebar.tsx(6,31): error TS2307: Cannot find module 'lucide-react@0.487.0' or its corresponding type declarations.
src/components/ui/slider.tsx(4,34): error TS2307: Cannot find module '@radix-ui/react-slider@1.2.3' or its corresponding type declarations.
src/components/ui/sonner.tsx(3,26): error TS2307: Cannot find module 'next-themes@0.4.6' or its corresponding type declarations.
src/components/ui/sonner.tsx(4,49): error TS2307: Cannot find module 'sonner@2.0.3' or its corresponding type declarations.
src/components/ui/switch.tsx(4,34): error TS2307: Cannot find module '@radix-ui/react-switch@1.1.3' or its corresponding type declarations.
src/components/ui/tabs.tsx(4,32): error TS2307: Cannot find module '@radix-ui/react-tabs@1.1.3' or its corresponding type declarations.
src/components/ui/toggle-group.tsx(4,39): error TS2307: Cannot find module '@radix-ui/react-toggle-group@1.1.2' or its corresponding type declarations.
src/components/ui/toggle-group.tsx(5,35): error TS2307: Cannot find module 'class-variance-authority@0.7.1' or its corresponding type declarations.
src/components/ui/toggle.tsx(4,34): error TS2307: Cannot find module '@radix-ui/react-toggle@1.1.2' or its corresponding type declarations.
src/components/ui/toggle.tsx(5,40): error TS2307: Cannot find module 'class-variance-authority@0.7.1' or its corresponding type declarations.
src/components/ui/tooltip.tsx(4,35): error TS2307: Cannot find module '@radix-ui/react-tooltip@1.1.8' or its corresponding type declarations.
src/services/api-services/auth.ts(154,9): error TS2416: Property 'refreshToken' in type 'AuthApiService' is not assignable to the same property in base type 'BaseApiService'.
  Type '() => Promise<{ token: string; refreshToken: string; }>' is not assignable to type 'string'.
src/services/api-services/auth.ts(154,9): error TS2425: Class 'BaseApiService' defines instance member property 'refreshToken', but extended class 'AuthApiService' defines it as instance member function.
src/services/api-services/exam.ts(425,7): error TS2353: Object literal may only specify known properties, and 'responseType' does not exist in type 'RequestInit'.
src/services/api-services/question.ts(203,7): error TS2353: Object literal may only specify known properties, and 'responseType' does not exist in type 'RequestInit'.
src/test-api.ts(134,30): error TS2339: Property 'enrollFreeCourse' does not exist on type 'PaymentApiService'.
src/test-api.ts(237,27): error TS2339: Property 'getPosts' does not exist on type 'ForumApiService'.
src/test-complete-integration.ts(81,12): error TS7053: Element implicitly has an 'any' type because expression of type 'string' can't be used to index type 'ApiService'.
  No index signature with a parameter of type 'string' was found on type 'ApiService'.
src/test-complete-integration.ts(103,14): error TS7053: Element implicitly has an 'any' type because expression of type 'string' can't be used to index type 'ApiService'.
  No index signature with a parameter of type 'string' was found on type 'ApiService'.
src/test-complete-integration.ts(107,19): error TS7053: Element implicitly has an 'any' type because expression of type 'string' can't be used to index type 'ApiService'.
  No index signature with a parameter of type 'string' was found on type 'ApiService'.
src/test-complete-integration.ts(137,57): error TS18046: 'error' is of type 'unknown'.
src/test-complete-integration.ts(155,57): error TS18046: 'error' is of type 'unknown'.
src/test-complete-integration.ts(173,57): error TS18046: 'error' is of type 'unknown'.
src/test-complete-integration.ts(191,57): error TS18046: 'error' is of type 'unknown'.
src/test-complete-integration.ts(214,11): error TS18046: 'error' is of type 'unknown'.
src/test-complete-integration.ts(214,46): error TS18046: 'error' is of type 'unknown'.
src/test-complete-integration.ts(217,53): error TS18046: 'error' is of type 'unknown'.
src/test-complete-integration.ts(227,11): error TS18046: 'error' is of type 'unknown'.
src/test-complete-integration.ts(227,46): error TS18046: 'error' is of type 'unknown'.
src/test-complete-integration.ts(230,50): error TS18046: 'error' is of type 'unknown'.
src/test-complete-integration.ts(240,11): error TS18046: 'error' is of type 'unknown'.
src/test-complete-integration.ts(240,46): error TS18046: 'error' is of type 'unknown'.
src/test-complete-integration.ts(243,48): error TS18046: 'error' is of type 'unknown'.
src/test-complete-integration.ts(269,37): error TS2353: Object literal may only specify known properties, and 'invalid' does not exist in type '{ page?: number | undefined; limit?: number | undefined; search?: string | undefined; field?: string | undefined; instructor?: string | undefined; level?: string | undefined; status?: string | undefined; }'.
src/test-complete-integration.ts(303,67): error TS18046: 'error' is of type 'unknown'.
src/test-component-integration.ts(44,13): error TS2339: Property 'OrganizationUpdated' does not exist on type 'typeof import("D:/Work/CogneraX/Projects/Learn/CogneraX-Learn-Frontend/src/components/admin/OrganizationUpdated")'.
src/test-component-integration.ts(128,42): error TS2307: Cannot find module './components/student/QuizResults' or its corresponding type declarations.
src/test-component-integration.ts(136,41): error TS2307: Cannot find module './components/student/QuizTaking' or its corresponding type declarations.
src/test-component-integration.ts(308,42): error TS2307: Cannot find module './components/tools/QuizCreator' or its corresponding type declarations.
src/vite.config.ts(2,19): error TS2307: Cannot find module '@vitejs/plugin-react' or its corresponding type declarations.
  There are types at 'D:/Work/CogneraX/Projects/Learn/CogneraX-Learn-Frontend/node_modules/@vitejs/plugin-react/dist/index.d.ts', but this result could not be resolved under your current 'moduleResolution' setting. Consider updating to 'node16', 'nodenext', or 'bundler'.
src/vite.config.ts(3,25): error TS2307: Cannot find module 'tailwindcss' or its corresponding type declarations.
  There are types at 'D:/Work/CogneraX/Projects/Learn/CogneraX-Learn-Frontend/node_modules/tailwindcss/dist/lib.d.mts', but this result could not be resolved under your current 'moduleResolution' setting. Consider updating to 'node16', 'nodenext', or 'bundler'.
